Mon Nov 10 06:20:20 PM EST 2025: Running STAR alignment
Mon Nov 10 06:20:20 PM EST 2025: ulimit set to 65536
2025-11-10 18:20:20,597 | INFO | __main__: Creating a paired-end aligner.
2025-11-10 18:20:20,597 | INFO | __main__: Formatting with arguments: 
R1: results/processed/ER100002_R1.fastq.gz 
R2: results/processed/ER100002_R2.fastq.gz 
NCPUS: 44 
RAMGB: 250 
INDEXDIR: results/index 
OUTDIR: results/align/ER100002
2025-11-10 18:20:20,598 | INFO | __main__: running STAR command STAR --genomeDir results/index --readFilesIn results/processed/ER100002_R1.fastq.gz results/processed/ER100002_R2.fastq.gz --outFileNamePrefix results/align/ER100002/ --readFilesCommand zcat --runThreadN 44 --genomeLoad NoSharedMemory --outFilterMultimapNmax 20 --alignSJoverhangMin 8 --alignSJDBoverhangMin 1 --outFilterMismatchNmax 999 --outFilterMismatchNoverReadLmax 0.04 --alignIntronMin 20 --alignIntronMax 1000000 --alignMatesGapMax 1000000 --outSAMheaderCommentFile COfile.txt --outSAMheaderHD @HD VN:1.4 SO:coordinate --outSAMunmapped Within --outFilterType BySJout --outSAMattributes NH HI AS NM MD --outSAMtype BAM SortedByCoordinate --quantMode TranscriptomeSAM --sjdbScore 1 --limitBAMsortRAM 250000000000 --outBAMsortingThreadN 44 --outBAMsortingBinsN 100
	STAR --genomeDir results/index --readFilesIn results/processed/ER100002_R1.fastq.gz results/processed/ER100002_R2.fastq.gz --outFileNamePrefix results/align/ER100002/ --readFilesCommand zcat --runThreadN 44 --genomeLoad NoSharedMemory --outFilterMultimapNmax 20 --alignSJoverhangMin 8 --alignSJDBoverhangMin 1 --outFilterMismatchNmax 999 --outFilterMismatchNoverReadLmax 0.04 --alignIntronMin 20 --alignIntronMax 1000000 --alignMatesGapMax 1000000 --outSAMheaderCommentFile COfile.txt --outSAMheaderHD @HD VN:1.4 SO:coordinate --outSAMunmapped Within --outFilterType BySJout --outSAMattributes NH HI AS NM MD --outSAMtype BAM SortedByCoordinate --quantMode TranscriptomeSAM --sjdbScore 1 --limitBAMsortRAM 250000000000 --outBAMsortingThreadN 44 --outBAMsortingBinsN 100
	STAR version: 2.7.11b   compiled: 2024-01-25T16:12:02-05:00 :/home/dobin/data/STAR/STARcode/STAR.master/source
Nov 10 18:20:20 ..... started STAR run
Nov 10 18:20:20 ..... loading genome
Nov 10 18:20:40 ..... started mapping
Nov 10 18:23:27 ..... finished mapping
Nov 10 18:23:30 ..... started sorting BAM
Nov 10 18:23:38 ..... finished successfully
2025-11-10 18:24:21,107 | INFO | __main__: Transcriptome bam is already rsem-sorted.
2025-11-10 18:24:21,108 | INFO | __main__: Getting samtools flagstats for results/align/ER100002/ER100002_genome.bam
2025-11-10 18:24:52,136 | INFO | __main__: Getting samtools flagstats for results/align/ER100002/ER100002_anno.bam
Mon Nov 10 06:25:30 PM EST 2025: samtools quickcheck OK
Mon Nov 10 06:25:30 PM EST 2025: Finished STAR alignment
