Wed Jul 23 12:53:02 AM EDT 2025: Running STAR alignment
2025-07-23 00:53:33,898 | INFO | __main__: Creating a paired-end aligner.
2025-07-23 00:53:33,898 | INFO | __main__: Creating a paired-end aligner.
2025-07-23 00:53:33,900 | INFO | __main__: running STAR command STAR --genomeDir /tmp/b7686ff3-67ec-4ed8-bc82-ad12da69ccff --readFilesIn ER100005_R1.fastq.gz ER100005_R2.fastq.gz --outFileNamePrefix results/align/ER100005/ --readFilesCommand zcat --runThreadN 22 --genomeLoad NoSharedMemory --outFilterMultimapNmax 20 --alignSJoverhangMin 8 --alignSJDBoverhangMin 1 --outFilterMismatchNmax 999 --outFilterMismatchNoverReadLmax 0.04 --alignIntronMin 20 --alignIntronMax 1000000 --alignMatesGapMax 1000000 --outSAMheaderCommentFile COfile.txt --outSAMheaderHD @HD VN:1.4 SO:coordinate --outSAMunmapped Within --outFilterType BySJout --outSAMattributes NH HI AS NM MD --outSAMtype BAM SortedByCoordinate --quantMode TranscriptomeSAM --sjdbScore 1 --limitBAMsortRAM 125000000000
2025-07-23 00:53:33,900 | INFO | __main__: running STAR command STAR --genomeDir /tmp/b7686ff3-67ec-4ed8-bc82-ad12da69ccff --readFilesIn ER100005_R1.fastq.gz ER100005_R2.fastq.gz --outFileNamePrefix results/align/ER100005/ --readFilesCommand zcat --runThreadN 22 --genomeLoad NoSharedMemory --outFilterMultimapNmax 20 --alignSJoverhangMin 8 --alignSJDBoverhangMin 1 --outFilterMismatchNmax 999 --outFilterMismatchNoverReadLmax 0.04 --alignIntronMin 20 --alignIntronMax 1000000 --alignMatesGapMax 1000000 --outSAMheaderCommentFile COfile.txt --outSAMheaderHD @HD VN:1.4 SO:coordinate --outSAMunmapped Within --outFilterType BySJout --outSAMattributes NH HI AS NM MD --outSAMtype BAM SortedByCoordinate --quantMode TranscriptomeSAM --sjdbScore 1 --limitBAMsortRAM 125000000000
	STAR --genomeDir /tmp/b7686ff3-67ec-4ed8-bc82-ad12da69ccff --readFilesIn ER100005_R1.fastq.gz ER100005_R2.fastq.gz --outFileNamePrefix results/align/ER100005/ --readFilesCommand zcat --runThreadN 22 --genomeLoad NoSharedMemory --outFilterMultimapNmax 20 --alignSJoverhangMin 8 --alignSJDBoverhangMin 1 --outFilterMismatchNmax 999 --outFilterMismatchNoverReadLmax 0.04 --alignIntronMin 20 --alignIntronMax 1000000 --alignMatesGapMax 1000000 --outSAMheaderCommentFile COfile.txt --outSAMheaderHD @HD VN:1.4 SO:coordinate --outSAMunmapped Within --outFilterType BySJout --outSAMattributes NH HI AS NM MD --outSAMtype BAM SortedByCoordinate --quantMode TranscriptomeSAM --sjdbScore 1 --limitBAMsortRAM 125000000000
	STAR version: 2.7.11b   compiled: 2024-01-25T16:12:02-05:00 :/home/dobin/data/STAR/STARcode/STAR.master/source
Jul 23 00:53:33 ..... started STAR run
Jul 23 00:53:34 ..... loading genome
Jul 23 00:53:54 ..... started mapping
Jul 23 01:04:48 ..... finished mapping
Jul 23 01:04:51 ..... started sorting BAM
Jul 23 01:07:52 ..... finished successfully
2025-07-23 01:09:23,351 | INFO | __main__: Transcriptome bam is already rsem-sorted.
2025-07-23 01:09:23,351 | INFO | __main__: Transcriptome bam is already rsem-sorted.
2025-07-23 01:09:23,351 | INFO | __main__: Getting samtools flagstats for results/align/ER100005/ER100005_genome.bam
2025-07-23 01:09:23,351 | INFO | __main__: Getting samtools flagstats for results/align/ER100005/ER100005_genome.bam
2025-07-23 01:10:30,870 | INFO | __main__: Getting samtools flagstats for results/align/ER100005/ER100005_anno.bam
2025-07-23 01:10:30,870 | INFO | __main__: Getting samtools flagstats for results/align/ER100005/ER100005_anno.bam
Wed Jul 23 01:11:23 AM EDT 2025: samtools quickcheck OK
/zata/zippy/ramirezc/rna-smk
Wed Jul 23 01:11:39 AM EDT 2025: Finished STAR alignment
