Wed Jul 23 01:16:52 AM EDT 2025: Running STAR alignment
2025-07-23 01:17:22,401 | INFO | __main__: Creating a paired-end aligner.
2025-07-23 01:17:22,401 | INFO | __main__: Creating a paired-end aligner.
2025-07-23 01:17:22,403 | INFO | __main__: running STAR command STAR --genomeDir /tmp/477281f3-6f81-4681-a9f6-76421e448fb0 --readFilesIn ER100015_R1.fastq.gz ER100015_R2.fastq.gz --outFileNamePrefix results/align/ER100015/ --readFilesCommand zcat --runThreadN 22 --genomeLoad NoSharedMemory --outFilterMultimapNmax 20 --alignSJoverhangMin 8 --alignSJDBoverhangMin 1 --outFilterMismatchNmax 999 --outFilterMismatchNoverReadLmax 0.04 --alignIntronMin 20 --alignIntronMax 1000000 --alignMatesGapMax 1000000 --outSAMheaderCommentFile COfile.txt --outSAMheaderHD @HD VN:1.4 SO:coordinate --outSAMunmapped Within --outFilterType BySJout --outSAMattributes NH HI AS NM MD --outSAMtype BAM SortedByCoordinate --quantMode TranscriptomeSAM --sjdbScore 1 --limitBAMsortRAM 125000000000 --outBAMsortingThreadN 22 --outBAMsortingBinsN 100
2025-07-23 01:17:22,403 | INFO | __main__: running STAR command STAR --genomeDir /tmp/477281f3-6f81-4681-a9f6-76421e448fb0 --readFilesIn ER100015_R1.fastq.gz ER100015_R2.fastq.gz --outFileNamePrefix results/align/ER100015/ --readFilesCommand zcat --runThreadN 22 --genomeLoad NoSharedMemory --outFilterMultimapNmax 20 --alignSJoverhangMin 8 --alignSJDBoverhangMin 1 --outFilterMismatchNmax 999 --outFilterMismatchNoverReadLmax 0.04 --alignIntronMin 20 --alignIntronMax 1000000 --alignMatesGapMax 1000000 --outSAMheaderCommentFile COfile.txt --outSAMheaderHD @HD VN:1.4 SO:coordinate --outSAMunmapped Within --outFilterType BySJout --outSAMattributes NH HI AS NM MD --outSAMtype BAM SortedByCoordinate --quantMode TranscriptomeSAM --sjdbScore 1 --limitBAMsortRAM 125000000000 --outBAMsortingThreadN 22 --outBAMsortingBinsN 100
	STAR --genomeDir /tmp/477281f3-6f81-4681-a9f6-76421e448fb0 --readFilesIn ER100015_R1.fastq.gz ER100015_R2.fastq.gz --outFileNamePrefix results/align/ER100015/ --readFilesCommand zcat --runThreadN 22 --genomeLoad NoSharedMemory --outFilterMultimapNmax 20 --alignSJoverhangMin 8 --alignSJDBoverhangMin 1 --outFilterMismatchNmax 999 --outFilterMismatchNoverReadLmax 0.04 --alignIntronMin 20 --alignIntronMax 1000000 --alignMatesGapMax 1000000 --outSAMheaderCommentFile COfile.txt --outSAMheaderHD @HD VN:1.4 SO:coordinate --outSAMunmapped Within --outFilterType BySJout --outSAMattributes NH HI AS NM MD --outSAMtype BAM SortedByCoordinate --quantMode TranscriptomeSAM --sjdbScore 1 --limitBAMsortRAM 125000000000 --outBAMsortingThreadN 22 --outBAMsortingBinsN 100
	STAR version: 2.7.11b   compiled: 2024-01-25T16:12:02-05:00 :/home/dobin/data/STAR/STARcode/STAR.master/source
Jul 23 01:17:22 ..... started STAR run
Jul 23 01:17:22 ..... loading genome
Jul 23 01:17:44 ..... started mapping
Jul 23 01:28:09 ..... finished mapping
Jul 23 01:28:12 ..... started sorting BAM
Jul 23 01:31:58 ..... finished successfully
2025-07-23 01:33:18,790 | INFO | __main__: Transcriptome bam is already rsem-sorted.
2025-07-23 01:33:18,790 | INFO | __main__: Transcriptome bam is already rsem-sorted.
2025-07-23 01:33:18,795 | INFO | __main__: Getting samtools flagstats for results/align/ER100015/ER100015_genome.bam
2025-07-23 01:33:18,795 | INFO | __main__: Getting samtools flagstats for results/align/ER100015/ER100015_genome.bam
2025-07-23 01:34:29,035 | INFO | __main__: Getting samtools flagstats for results/align/ER100015/ER100015_anno.bam
2025-07-23 01:34:29,035 | INFO | __main__: Getting samtools flagstats for results/align/ER100015/ER100015_anno.bam
Wed Jul 23 01:35:21 AM EDT 2025: samtools quickcheck OK
/zata/zippy/ramirezc/rna-smk
Wed Jul 23 01:35:37 AM EDT 2025: Finished STAR alignment
