Mon Nov 10 05:36:45 PM EST 2025: Running STAR alignment
Mon Nov 10 05:36:45 PM EST 2025: ulimit set to 65536
2025-11-10 17:36:45,398 | INFO | __main__: Creating a paired-end aligner.
2025-11-10 17:36:45,398 | INFO | __main__: Formatting with arguments: 
R1: results/processed/ER100012_R1.fastq.gz 
R2: results/processed/ER100012_R2.fastq.gz 
NCPUS: 44 
RAMGB: 250 
INDEXDIR: results/index 
OUTDIR: results/align/ER100012
2025-11-10 17:36:45,399 | INFO | __main__: running STAR command STAR --genomeDir results/index --readFilesIn results/processed/ER100012_R1.fastq.gz results/processed/ER100012_R2.fastq.gz --outFileNamePrefix results/align/ER100012/ --readFilesCommand zcat --runThreadN 44 --genomeLoad NoSharedMemory --outFilterMultimapNmax 20 --alignSJoverhangMin 8 --alignSJDBoverhangMin 1 --outFilterMismatchNmax 999 --outFilterMismatchNoverReadLmax 0.04 --alignIntronMin 20 --alignIntronMax 1000000 --alignMatesGapMax 1000000 --outSAMheaderCommentFile COfile.txt --outSAMheaderHD @HD VN:1.4 SO:coordinate --outSAMunmapped Within --outFilterType BySJout --outSAMattributes NH HI AS NM MD --outSAMtype BAM SortedByCoordinate --quantMode TranscriptomeSAM --sjdbScore 1 --limitBAMsortRAM 250000000000 --outBAMsortingThreadN 44 --outBAMsortingBinsN 100
	STAR --genomeDir results/index --readFilesIn results/processed/ER100012_R1.fastq.gz results/processed/ER100012_R2.fastq.gz --outFileNamePrefix results/align/ER100012/ --readFilesCommand zcat --runThreadN 44 --genomeLoad NoSharedMemory --outFilterMultimapNmax 20 --alignSJoverhangMin 8 --alignSJDBoverhangMin 1 --outFilterMismatchNmax 999 --outFilterMismatchNoverReadLmax 0.04 --alignIntronMin 20 --alignIntronMax 1000000 --alignMatesGapMax 1000000 --outSAMheaderCommentFile COfile.txt --outSAMheaderHD @HD VN:1.4 SO:coordinate --outSAMunmapped Within --outFilterType BySJout --outSAMattributes NH HI AS NM MD --outSAMtype BAM SortedByCoordinate --quantMode TranscriptomeSAM --sjdbScore 1 --limitBAMsortRAM 250000000000 --outBAMsortingThreadN 44 --outBAMsortingBinsN 100
	STAR version: 2.7.11b   compiled: 2024-01-25T16:12:02-05:00 :/home/dobin/data/STAR/STARcode/STAR.master/source
Nov 10 17:36:45 ..... started STAR run
Nov 10 17:36:45 ..... loading genome
Nov 10 17:37:07 ..... started mapping
Nov 10 17:41:50 ..... finished mapping
Nov 10 17:41:53 ..... started sorting BAM
Nov 10 17:42:05 ..... finished successfully
2025-11-10 17:43:24,450 | INFO | __main__: Transcriptome bam is already rsem-sorted.
2025-11-10 17:43:24,451 | INFO | __main__: Getting samtools flagstats for results/align/ER100012/ER100012_genome.bam
2025-11-10 17:44:11,724 | INFO | __main__: Getting samtools flagstats for results/align/ER100012/ER100012_anno.bam
Mon Nov 10 05:45:22 PM EST 2025: samtools quickcheck OK
Mon Nov 10 05:45:22 PM EST 2025: Finished STAR alignment
