Sun Nov  9 08:51:31 PM EST 2025: Running STAR alignment
Sun Nov  9 08:51:31 PM EST 2025: ulimit set to 65536
2025-11-09 20:51:32,287 | INFO | __main__: Creating a paired-end aligner.
2025-11-09 20:51:32,287 | INFO | __main__: Formatting with arguments: 
R1: results/processed/ER100013_R1.fastq.gz 
R2: results/processed/ER100013_R2.fastq.gz 
NCPUS: 44 
RAMGB: 250 
INDEXDIR: results/index 
OUTDIR: results/align/ER100013
2025-11-09 20:51:32,288 | INFO | __main__: running STAR command STAR --genomeDir results/index --readFilesIn results/processed/ER100013_R1.fastq.gz results/processed/ER100013_R2.fastq.gz --outFileNamePrefix results/align/ER100013/ --readFilesCommand zcat --runThreadN 44 --genomeLoad NoSharedMemory --outFilterMultimapNmax 20 --alignSJoverhangMin 8 --alignSJDBoverhangMin 1 --outFilterMismatchNmax 999 --outFilterMismatchNoverReadLmax 0.04 --alignIntronMin 20 --alignIntronMax 1000000 --alignMatesGapMax 1000000 --outSAMheaderCommentFile COfile.txt --outSAMheaderHD @HD VN:1.4 SO:coordinate --outSAMunmapped Within --outFilterType BySJout --outSAMattributes NH HI AS NM MD --outSAMtype BAM SortedByCoordinate --quantMode TranscriptomeSAM --sjdbScore 1 --limitBAMsortRAM 250000000000 --outBAMsortingThreadN 44 --outBAMsortingBinsN 100
	STAR --genomeDir results/index --readFilesIn results/processed/ER100013_R1.fastq.gz results/processed/ER100013_R2.fastq.gz --outFileNamePrefix results/align/ER100013/ --readFilesCommand zcat --runThreadN 44 --genomeLoad NoSharedMemory --outFilterMultimapNmax 20 --alignSJoverhangMin 8 --alignSJDBoverhangMin 1 --outFilterMismatchNmax 999 --outFilterMismatchNoverReadLmax 0.04 --alignIntronMin 20 --alignIntronMax 1000000 --alignMatesGapMax 1000000 --outSAMheaderCommentFile COfile.txt --outSAMheaderHD @HD VN:1.4 SO:coordinate --outSAMunmapped Within --outFilterType BySJout --outSAMattributes NH HI AS NM MD --outSAMtype BAM SortedByCoordinate --quantMode TranscriptomeSAM --sjdbScore 1 --limitBAMsortRAM 250000000000 --outBAMsortingThreadN 44 --outBAMsortingBinsN 100
	STAR version: 2.7.11b   compiled: 2024-01-25T16:12:02-05:00 :/home/dobin/data/STAR/STARcode/STAR.master/source
Nov 09 20:51:32 ..... started STAR run
Nov 09 20:51:32 ..... loading genome
Nov 09 20:52:09 ..... started mapping
Nov 09 20:57:25 ..... finished mapping
Nov 09 20:57:26 ..... started sorting BAM
Nov 09 20:57:41 ..... finished successfully
2025-11-09 20:59:08,519 | INFO | __main__: Transcriptome bam is already rsem-sorted.
2025-11-09 20:59:08,533 | INFO | __main__: Getting samtools flagstats for results/align/ER100013/ER100013_genome.bam
2025-11-09 21:00:03,247 | INFO | __main__: Getting samtools flagstats for results/align/ER100013/ER100013_anno.bam
Sun Nov  9 09:01:18 PM EST 2025: samtools quickcheck OK
Sun Nov  9 09:01:18 PM EST 2025: Finished STAR alignment
