Mon Nov 10 12:46:53 PM EST 2025: Running bam to singal conversion
[bam_sort_core] merging from 0 files and 44 in-memory blocks...
Namespace(logfile='logs/signals/ER100004.log', output_dir='results/signals/ER100004', threads=44, bamfile='results/signals/ER100004/temp_sorted.bam', chrom_sizes='results/index/chrNameLength.txt', is_stranded=True, bamroot='ER100004_genome')
2025-11-10 12:48:15,434 | INFO | __main__: Running STAR command STAR --runMode inputAlignmentsFromBAM                 --inputBAMfile results/signals/ER100004/temp_sorted.bam                 --outWigType bedGraph                 --outWigStrand Stranded                 --outWigReferencesPrefix chr
                --outFileNamePrefix results/signals/ER100004/
2025-11-10 12:48:15,434 | INFO | __main__: Running STAR command STAR --runMode inputAlignmentsFromBAM                 --inputBAMfile results/signals/ER100004/temp_sorted.bam                 --outWigType bedGraph                 --outWigStrand Stranded                 --outWigReferencesPrefix chr
                --outFileNamePrefix results/signals/ER100004/
Nov 10 12:48:15 ..... reading from BAM, output wiggle
Nov 10 12:52:12 ..... done
2025-11-10 12:52:12,857 | INFO | __main__: Sorting bedgraph: bedtools sort -i results/signals/ER100004/Signal.UniqueMultiple.str1.out.bg
2025-11-10 12:52:12,857 | INFO | __main__: Sorting bedgraph: bedtools sort -i results/signals/ER100004/Signal.UniqueMultiple.str1.out.bg
2025-11-10 12:53:00,987 | INFO | __main__: Building bigWig: bigtools bedgraphtobigwig --nthreads 44 results/signals/ER100004/Signal.UniqueMultiple.str1.out.sorted.bg results/index/chrNameLength.txt results/signals/ER100004/ER100004_genome_minusAll.bw
2025-11-10 12:53:00,987 | INFO | __main__: Building bigWig: bigtools bedgraphtobigwig --nthreads 44 results/signals/ER100004/Signal.UniqueMultiple.str1.out.sorted.bg results/index/chrNameLength.txt results/signals/ER100004/ER100004_genome_minusAll.bw
2025-11-10 12:53:16,089 | INFO | __main__: Sorting bedgraph: bedtools sort -i results/signals/ER100004/Signal.Unique.str1.out.bg
2025-11-10 12:53:16,089 | INFO | __main__: Sorting bedgraph: bedtools sort -i results/signals/ER100004/Signal.Unique.str1.out.bg
2025-11-10 12:54:01,323 | INFO | __main__: Building bigWig: bigtools bedgraphtobigwig --nthreads 44 results/signals/ER100004/Signal.Unique.str1.out.sorted.bg results/index/chrNameLength.txt results/signals/ER100004/ER100004_genome_minusUniq.bw
2025-11-10 12:54:01,323 | INFO | __main__: Building bigWig: bigtools bedgraphtobigwig --nthreads 44 results/signals/ER100004/Signal.Unique.str1.out.sorted.bg results/index/chrNameLength.txt results/signals/ER100004/ER100004_genome_minusUniq.bw
2025-11-10 12:54:15,158 | INFO | __main__: Sorting bedgraph: bedtools sort -i results/signals/ER100004/Signal.UniqueMultiple.str2.out.bg
2025-11-10 12:54:15,158 | INFO | __main__: Sorting bedgraph: bedtools sort -i results/signals/ER100004/Signal.UniqueMultiple.str2.out.bg
2025-11-10 12:55:06,140 | INFO | __main__: Building bigWig: bigtools bedgraphtobigwig --nthreads 44 results/signals/ER100004/Signal.UniqueMultiple.str2.out.sorted.bg results/index/chrNameLength.txt results/signals/ER100004/ER100004_genome_plusAll.bw
2025-11-10 12:55:06,140 | INFO | __main__: Building bigWig: bigtools bedgraphtobigwig --nthreads 44 results/signals/ER100004/Signal.UniqueMultiple.str2.out.sorted.bg results/index/chrNameLength.txt results/signals/ER100004/ER100004_genome_plusAll.bw
2025-11-10 12:55:20,664 | INFO | __main__: Sorting bedgraph: bedtools sort -i results/signals/ER100004/Signal.Unique.str2.out.bg
2025-11-10 12:55:20,664 | INFO | __main__: Sorting bedgraph: bedtools sort -i results/signals/ER100004/Signal.Unique.str2.out.bg
2025-11-10 12:56:07,405 | INFO | __main__: Building bigWig: bigtools bedgraphtobigwig --nthreads 44 results/signals/ER100004/Signal.Unique.str2.out.sorted.bg results/index/chrNameLength.txt results/signals/ER100004/ER100004_genome_plusUniq.bw
2025-11-10 12:56:07,405 | INFO | __main__: Building bigWig: bigtools bedgraphtobigwig --nthreads 44 results/signals/ER100004/Signal.Unique.str2.out.sorted.bg results/index/chrNameLength.txt results/signals/ER100004/ER100004_genome_plusUniq.bw
Mon Nov 10 12:56:22 PM EST 2025: Finished bam to singal conversion
