Mon Nov 10 10:54:29 AM EST 2025: Running bam to singal conversion
[bam_sort_core] merging from 0 files and 44 in-memory blocks...
Namespace(logfile='logs/signals/ER100013.log', output_dir='results/signals/ER100013', threads=44, bamfile='results/signals/ER100013/temp_sorted.bam', chrom_sizes='results/index/chrNameLength.txt', is_stranded=True, bamroot='ER100013_genome')
2025-11-10 10:56:07,083 | INFO | __main__: Running STAR command STAR --runMode inputAlignmentsFromBAM                 --inputBAMfile results/signals/ER100013/temp_sorted.bam                 --outWigType bedGraph                 --outWigStrand Stranded                 --outWigReferencesPrefix chr
                --outFileNamePrefix results/signals/ER100013/
2025-11-10 10:56:07,083 | INFO | __main__: Running STAR command STAR --runMode inputAlignmentsFromBAM                 --inputBAMfile results/signals/ER100013/temp_sorted.bam                 --outWigType bedGraph                 --outWigStrand Stranded                 --outWigReferencesPrefix chr
                --outFileNamePrefix results/signals/ER100013/
Nov 10 10:56:07 ..... reading from BAM, output wiggle
Nov 10 11:00:43 ..... done
2025-11-10 11:00:43,660 | INFO | __main__: Sorting bedgraph: bedtools sort -i results/signals/ER100013/Signal.UniqueMultiple.str1.out.bg
2025-11-10 11:00:43,660 | INFO | __main__: Sorting bedgraph: bedtools sort -i results/signals/ER100013/Signal.UniqueMultiple.str1.out.bg
2025-11-10 11:01:37,968 | INFO | __main__: Building bigWig: bigtools bedgraphtobigwig --nthreads 44 results/signals/ER100013/Signal.UniqueMultiple.str1.out.sorted.bg results/index/chrNameLength.txt results/signals/ER100013/ER100013_genome_minusAll.bw
2025-11-10 11:01:37,968 | INFO | __main__: Building bigWig: bigtools bedgraphtobigwig --nthreads 44 results/signals/ER100013/Signal.UniqueMultiple.str1.out.sorted.bg results/index/chrNameLength.txt results/signals/ER100013/ER100013_genome_minusAll.bw
2025-11-10 11:01:53,448 | INFO | __main__: Sorting bedgraph: bedtools sort -i results/signals/ER100013/Signal.Unique.str1.out.bg
2025-11-10 11:01:53,448 | INFO | __main__: Sorting bedgraph: bedtools sort -i results/signals/ER100013/Signal.Unique.str1.out.bg
2025-11-10 11:02:45,632 | INFO | __main__: Building bigWig: bigtools bedgraphtobigwig --nthreads 44 results/signals/ER100013/Signal.Unique.str1.out.sorted.bg results/index/chrNameLength.txt results/signals/ER100013/ER100013_genome_minusUniq.bw
2025-11-10 11:02:45,632 | INFO | __main__: Building bigWig: bigtools bedgraphtobigwig --nthreads 44 results/signals/ER100013/Signal.Unique.str1.out.sorted.bg results/index/chrNameLength.txt results/signals/ER100013/ER100013_genome_minusUniq.bw
2025-11-10 11:02:59,879 | INFO | __main__: Sorting bedgraph: bedtools sort -i results/signals/ER100013/Signal.UniqueMultiple.str2.out.bg
2025-11-10 11:02:59,879 | INFO | __main__: Sorting bedgraph: bedtools sort -i results/signals/ER100013/Signal.UniqueMultiple.str2.out.bg
2025-11-10 11:03:55,728 | INFO | __main__: Building bigWig: bigtools bedgraphtobigwig --nthreads 44 results/signals/ER100013/Signal.UniqueMultiple.str2.out.sorted.bg results/index/chrNameLength.txt results/signals/ER100013/ER100013_genome_plusAll.bw
2025-11-10 11:03:55,728 | INFO | __main__: Building bigWig: bigtools bedgraphtobigwig --nthreads 44 results/signals/ER100013/Signal.UniqueMultiple.str2.out.sorted.bg results/index/chrNameLength.txt results/signals/ER100013/ER100013_genome_plusAll.bw
2025-11-10 11:04:12,616 | INFO | __main__: Sorting bedgraph: bedtools sort -i results/signals/ER100013/Signal.Unique.str2.out.bg
2025-11-10 11:04:12,616 | INFO | __main__: Sorting bedgraph: bedtools sort -i results/signals/ER100013/Signal.Unique.str2.out.bg
2025-11-10 11:05:13,746 | INFO | __main__: Building bigWig: bigtools bedgraphtobigwig --nthreads 44 results/signals/ER100013/Signal.Unique.str2.out.sorted.bg results/index/chrNameLength.txt results/signals/ER100013/ER100013_genome_plusUniq.bw
2025-11-10 11:05:13,746 | INFO | __main__: Building bigWig: bigtools bedgraphtobigwig --nthreads 44 results/signals/ER100013/Signal.Unique.str2.out.sorted.bg results/index/chrNameLength.txt results/signals/ER100013/ER100013_genome_plusUniq.bw
Mon Nov 10 11:05:29 AM EST 2025: Finished bam to singal conversion
