Wed Jul 23 01:26:40 AM EDT 2025: Running bam to singal conversion
[bam_sort_core] merging from 0 files and 44 in-memory blocks...
Namespace(logfile='/zata/zippy/ramirezc/rna-smk/logs/signals/ER100010.log', output_dir='results/signals/ER100010', threads=44, bamfile='results/signals/ER100010/temp_sorted.bam', chrom_sizes='/tmp/c90eba58-26cd-413e-9e65-5e6f09c1cb71.txt', is_stranded=True, bamroot='ER100010_genome')
2025-07-23 01:28:53,952 | INFO | __main__: Running STAR command STAR --runMode inputAlignmentsFromBAM                 --inputBAMfile results/signals/ER100010/temp_sorted.bam                 --outWigType bedGraph                 --outWigStrand Stranded                 --outWigReferencesPrefix chr
                --outFileNamePrefix results/signals/ER100010/
2025-07-23 01:28:53,952 | INFO | __main__: Running STAR command STAR --runMode inputAlignmentsFromBAM                 --inputBAMfile results/signals/ER100010/temp_sorted.bam                 --outWigType bedGraph                 --outWigStrand Stranded                 --outWigReferencesPrefix chr
                --outFileNamePrefix results/signals/ER100010/
Jul 23 01:28:54 ..... reading from BAM, output wiggle
Jul 23 01:32:33 ..... done
2025-07-23 01:32:33,801 | INFO | __main__: Sorting bedgraph: bedtools sort -i results/signals/ER100010/Signal.UniqueMultiple.str1.out.bg
2025-07-23 01:32:33,801 | INFO | __main__: Sorting bedgraph: bedtools sort -i results/signals/ER100010/Signal.UniqueMultiple.str1.out.bg
2025-07-23 01:33:08,157 | INFO | __main__: Building bigWig: bigtools bedgraphtobigwig --nthreads 44 results/signals/ER100010/Signal.UniqueMultiple.str1.out.sorted.bg /tmp/c90eba58-26cd-413e-9e65-5e6f09c1cb71.txt results/signals/ER100010/ER100010_genome_minusAll.bw
2025-07-23 01:33:08,157 | INFO | __main__: Building bigWig: bigtools bedgraphtobigwig --nthreads 44 results/signals/ER100010/Signal.UniqueMultiple.str1.out.sorted.bg /tmp/c90eba58-26cd-413e-9e65-5e6f09c1cb71.txt results/signals/ER100010/ER100010_genome_minusAll.bw
2025-07-23 01:33:20,434 | INFO | __main__: Sorting bedgraph: bedtools sort -i results/signals/ER100010/Signal.Unique.str1.out.bg
2025-07-23 01:33:20,434 | INFO | __main__: Sorting bedgraph: bedtools sort -i results/signals/ER100010/Signal.Unique.str1.out.bg
2025-07-23 01:33:51,836 | INFO | __main__: Building bigWig: bigtools bedgraphtobigwig --nthreads 44 results/signals/ER100010/Signal.Unique.str1.out.sorted.bg /tmp/c90eba58-26cd-413e-9e65-5e6f09c1cb71.txt results/signals/ER100010/ER100010_genome_minusUniq.bw
2025-07-23 01:33:51,836 | INFO | __main__: Building bigWig: bigtools bedgraphtobigwig --nthreads 44 results/signals/ER100010/Signal.Unique.str1.out.sorted.bg /tmp/c90eba58-26cd-413e-9e65-5e6f09c1cb71.txt results/signals/ER100010/ER100010_genome_minusUniq.bw
2025-07-23 01:34:02,668 | INFO | __main__: Sorting bedgraph: bedtools sort -i results/signals/ER100010/Signal.UniqueMultiple.str2.out.bg
2025-07-23 01:34:02,668 | INFO | __main__: Sorting bedgraph: bedtools sort -i results/signals/ER100010/Signal.UniqueMultiple.str2.out.bg
2025-07-23 01:34:39,253 | INFO | __main__: Building bigWig: bigtools bedgraphtobigwig --nthreads 44 results/signals/ER100010/Signal.UniqueMultiple.str2.out.sorted.bg /tmp/c90eba58-26cd-413e-9e65-5e6f09c1cb71.txt results/signals/ER100010/ER100010_genome_plusAll.bw
2025-07-23 01:34:39,253 | INFO | __main__: Building bigWig: bigtools bedgraphtobigwig --nthreads 44 results/signals/ER100010/Signal.UniqueMultiple.str2.out.sorted.bg /tmp/c90eba58-26cd-413e-9e65-5e6f09c1cb71.txt results/signals/ER100010/ER100010_genome_plusAll.bw
2025-07-23 01:34:51,938 | INFO | __main__: Sorting bedgraph: bedtools sort -i results/signals/ER100010/Signal.Unique.str2.out.bg
2025-07-23 01:34:51,938 | INFO | __main__: Sorting bedgraph: bedtools sort -i results/signals/ER100010/Signal.Unique.str2.out.bg
2025-07-23 01:35:23,263 | INFO | __main__: Building bigWig: bigtools bedgraphtobigwig --nthreads 44 results/signals/ER100010/Signal.Unique.str2.out.sorted.bg /tmp/c90eba58-26cd-413e-9e65-5e6f09c1cb71.txt results/signals/ER100010/ER100010_genome_plusUniq.bw
2025-07-23 01:35:23,263 | INFO | __main__: Building bigWig: bigtools bedgraphtobigwig --nthreads 44 results/signals/ER100010/Signal.Unique.str2.out.sorted.bg /tmp/c90eba58-26cd-413e-9e65-5e6f09c1cb71.txt results/signals/ER100010/ER100010_genome_plusUniq.bw
/zata/zippy/ramirezc/rna-smk
Wed Jul 23 01:35:37 AM EDT 2025: Finished bam to singal conversion
