Mon Nov 10 06:35:39 PM EST 2025: Running bam to singal conversion
[bam_sort_core] merging from 0 files and 44 in-memory blocks...
Namespace(logfile='logs/signals/ER100007.log', output_dir='results/signals/ER100007', threads=44, bamfile='results/signals/ER100007/temp_sorted.bam', chrom_sizes='results/index/chrNameLength.txt', is_stranded=True, bamroot='ER100007_genome')
2025-11-10 18:38:30,050 | INFO | __main__: Running STAR command STAR --runMode inputAlignmentsFromBAM                 --inputBAMfile results/signals/ER100007/temp_sorted.bam                 --outWigType bedGraph                 --outWigStrand Stranded                 --outWigReferencesPrefix chr
                --outFileNamePrefix results/signals/ER100007/
2025-11-10 18:38:30,050 | INFO | __main__: Running STAR command STAR --runMode inputAlignmentsFromBAM                 --inputBAMfile results/signals/ER100007/temp_sorted.bam                 --outWigType bedGraph                 --outWigStrand Stranded                 --outWigReferencesPrefix chr
                --outFileNamePrefix results/signals/ER100007/
Nov 10 18:38:30 ..... reading from BAM, output wiggle
Nov 10 18:44:31 ..... done
2025-11-10 18:44:31,730 | INFO | __main__: Sorting bedgraph: bedtools sort -i results/signals/ER100007/Signal.UniqueMultiple.str1.out.bg
2025-11-10 18:44:31,730 | INFO | __main__: Sorting bedgraph: bedtools sort -i results/signals/ER100007/Signal.UniqueMultiple.str1.out.bg
2025-11-10 18:45:48,359 | INFO | __main__: Building bigWig: bigtools bedgraphtobigwig --nthreads 44 results/signals/ER100007/Signal.UniqueMultiple.str1.out.sorted.bg results/index/chrNameLength.txt results/signals/ER100007/ER100007_genome_minusAll.bw
2025-11-10 18:45:48,359 | INFO | __main__: Building bigWig: bigtools bedgraphtobigwig --nthreads 44 results/signals/ER100007/Signal.UniqueMultiple.str1.out.sorted.bg results/index/chrNameLength.txt results/signals/ER100007/ER100007_genome_minusAll.bw
2025-11-10 18:46:10,813 | INFO | __main__: Sorting bedgraph: bedtools sort -i results/signals/ER100007/Signal.Unique.str1.out.bg
2025-11-10 18:46:10,813 | INFO | __main__: Sorting bedgraph: bedtools sort -i results/signals/ER100007/Signal.Unique.str1.out.bg
2025-11-10 18:47:26,148 | INFO | __main__: Building bigWig: bigtools bedgraphtobigwig --nthreads 44 results/signals/ER100007/Signal.Unique.str1.out.sorted.bg results/index/chrNameLength.txt results/signals/ER100007/ER100007_genome_minusUniq.bw
2025-11-10 18:47:26,148 | INFO | __main__: Building bigWig: bigtools bedgraphtobigwig --nthreads 44 results/signals/ER100007/Signal.Unique.str1.out.sorted.bg results/index/chrNameLength.txt results/signals/ER100007/ER100007_genome_minusUniq.bw
2025-11-10 18:47:47,244 | INFO | __main__: Sorting bedgraph: bedtools sort -i results/signals/ER100007/Signal.UniqueMultiple.str2.out.bg
2025-11-10 18:47:47,244 | INFO | __main__: Sorting bedgraph: bedtools sort -i results/signals/ER100007/Signal.UniqueMultiple.str2.out.bg
2025-11-10 18:49:06,594 | INFO | __main__: Building bigWig: bigtools bedgraphtobigwig --nthreads 44 results/signals/ER100007/Signal.UniqueMultiple.str2.out.sorted.bg results/index/chrNameLength.txt results/signals/ER100007/ER100007_genome_plusAll.bw
2025-11-10 18:49:06,594 | INFO | __main__: Building bigWig: bigtools bedgraphtobigwig --nthreads 44 results/signals/ER100007/Signal.UniqueMultiple.str2.out.sorted.bg results/index/chrNameLength.txt results/signals/ER100007/ER100007_genome_plusAll.bw
2025-11-10 18:49:28,434 | INFO | __main__: Sorting bedgraph: bedtools sort -i results/signals/ER100007/Signal.Unique.str2.out.bg
2025-11-10 18:49:28,434 | INFO | __main__: Sorting bedgraph: bedtools sort -i results/signals/ER100007/Signal.Unique.str2.out.bg
2025-11-10 18:50:44,978 | INFO | __main__: Building bigWig: bigtools bedgraphtobigwig --nthreads 44 results/signals/ER100007/Signal.Unique.str2.out.sorted.bg results/index/chrNameLength.txt results/signals/ER100007/ER100007_genome_plusUniq.bw
2025-11-10 18:50:44,978 | INFO | __main__: Building bigWig: bigtools bedgraphtobigwig --nthreads 44 results/signals/ER100007/Signal.Unique.str2.out.sorted.bg results/index/chrNameLength.txt results/signals/ER100007/ER100007_genome_plusUniq.bw
Mon Nov 10 06:51:06 PM EST 2025: Finished bam to singal conversion
