Mon Nov 10 10:48:31 AM EST 2025: Running bam to singal conversion
[bam_sort_core] merging from 0 files and 44 in-memory blocks...
Namespace(logfile='logs/signals/ER100014.log', output_dir='results/signals/ER100014', threads=44, bamfile='results/signals/ER100014/temp_sorted.bam', chrom_sizes='results/index/chrNameLength.txt', is_stranded=True, bamroot='ER100014_genome')
2025-11-10 10:50:09,293 | INFO | __main__: Running STAR command STAR --runMode inputAlignmentsFromBAM                 --inputBAMfile results/signals/ER100014/temp_sorted.bam                 --outWigType bedGraph                 --outWigStrand Stranded                 --outWigReferencesPrefix chr
                --outFileNamePrefix results/signals/ER100014/
2025-11-10 10:50:09,293 | INFO | __main__: Running STAR command STAR --runMode inputAlignmentsFromBAM                 --inputBAMfile results/signals/ER100014/temp_sorted.bam                 --outWigType bedGraph                 --outWigStrand Stranded                 --outWigReferencesPrefix chr
                --outFileNamePrefix results/signals/ER100014/
Nov 10 10:50:09 ..... reading from BAM, output wiggle
Nov 10 10:54:36 ..... done
2025-11-10 10:54:36,742 | INFO | __main__: Sorting bedgraph: bedtools sort -i results/signals/ER100014/Signal.UniqueMultiple.str1.out.bg
2025-11-10 10:54:36,742 | INFO | __main__: Sorting bedgraph: bedtools sort -i results/signals/ER100014/Signal.UniqueMultiple.str1.out.bg
2025-11-10 10:55:30,070 | INFO | __main__: Building bigWig: bigtools bedgraphtobigwig --nthreads 44 results/signals/ER100014/Signal.UniqueMultiple.str1.out.sorted.bg results/index/chrNameLength.txt results/signals/ER100014/ER100014_genome_minusAll.bw
2025-11-10 10:55:30,070 | INFO | __main__: Building bigWig: bigtools bedgraphtobigwig --nthreads 44 results/signals/ER100014/Signal.UniqueMultiple.str1.out.sorted.bg results/index/chrNameLength.txt results/signals/ER100014/ER100014_genome_minusAll.bw
2025-11-10 10:55:46,508 | INFO | __main__: Sorting bedgraph: bedtools sort -i results/signals/ER100014/Signal.Unique.str1.out.bg
2025-11-10 10:55:46,508 | INFO | __main__: Sorting bedgraph: bedtools sort -i results/signals/ER100014/Signal.Unique.str1.out.bg
2025-11-10 10:56:35,812 | INFO | __main__: Building bigWig: bigtools bedgraphtobigwig --nthreads 44 results/signals/ER100014/Signal.Unique.str1.out.sorted.bg results/index/chrNameLength.txt results/signals/ER100014/ER100014_genome_minusUniq.bw
2025-11-10 10:56:35,812 | INFO | __main__: Building bigWig: bigtools bedgraphtobigwig --nthreads 44 results/signals/ER100014/Signal.Unique.str1.out.sorted.bg results/index/chrNameLength.txt results/signals/ER100014/ER100014_genome_minusUniq.bw
2025-11-10 10:56:51,128 | INFO | __main__: Sorting bedgraph: bedtools sort -i results/signals/ER100014/Signal.UniqueMultiple.str2.out.bg
2025-11-10 10:56:51,128 | INFO | __main__: Sorting bedgraph: bedtools sort -i results/signals/ER100014/Signal.UniqueMultiple.str2.out.bg
2025-11-10 10:57:46,385 | INFO | __main__: Building bigWig: bigtools bedgraphtobigwig --nthreads 44 results/signals/ER100014/Signal.UniqueMultiple.str2.out.sorted.bg results/index/chrNameLength.txt results/signals/ER100014/ER100014_genome_plusAll.bw
2025-11-10 10:57:46,385 | INFO | __main__: Building bigWig: bigtools bedgraphtobigwig --nthreads 44 results/signals/ER100014/Signal.UniqueMultiple.str2.out.sorted.bg results/index/chrNameLength.txt results/signals/ER100014/ER100014_genome_plusAll.bw
2025-11-10 10:58:04,973 | INFO | __main__: Sorting bedgraph: bedtools sort -i results/signals/ER100014/Signal.Unique.str2.out.bg
2025-11-10 10:58:04,973 | INFO | __main__: Sorting bedgraph: bedtools sort -i results/signals/ER100014/Signal.Unique.str2.out.bg
2025-11-10 10:58:56,804 | INFO | __main__: Building bigWig: bigtools bedgraphtobigwig --nthreads 44 results/signals/ER100014/Signal.Unique.str2.out.sorted.bg results/index/chrNameLength.txt results/signals/ER100014/ER100014_genome_plusUniq.bw
2025-11-10 10:58:56,804 | INFO | __main__: Building bigWig: bigtools bedgraphtobigwig --nthreads 44 results/signals/ER100014/Signal.Unique.str2.out.sorted.bg results/index/chrNameLength.txt results/signals/ER100014/ER100014_genome_plusUniq.bw
Mon Nov 10 10:59:14 AM EST 2025: Finished bam to singal conversion
