Mon Nov 10 05:46:18 PM EST 2025: Running bam to singal conversion
[bam_sort_core] merging from 0 files and 44 in-memory blocks...
Namespace(logfile='logs/signals/ER100012.log', output_dir='results/signals/ER100012', threads=44, bamfile='results/signals/ER100012/temp_sorted.bam', chrom_sizes='results/index/chrNameLength.txt', is_stranded=True, bamroot='ER100012_genome')
2025-11-10 17:47:45,191 | INFO | __main__: Running STAR command STAR --runMode inputAlignmentsFromBAM                 --inputBAMfile results/signals/ER100012/temp_sorted.bam                 --outWigType bedGraph                 --outWigStrand Stranded                 --outWigReferencesPrefix chr
                --outFileNamePrefix results/signals/ER100012/
2025-11-10 17:47:45,191 | INFO | __main__: Running STAR command STAR --runMode inputAlignmentsFromBAM                 --inputBAMfile results/signals/ER100012/temp_sorted.bam                 --outWigType bedGraph                 --outWigStrand Stranded                 --outWigReferencesPrefix chr
                --outFileNamePrefix results/signals/ER100012/
Nov 10 17:47:45 ..... reading from BAM, output wiggle
Nov 10 17:51:59 ..... done
2025-11-10 17:51:59,049 | INFO | __main__: Sorting bedgraph: bedtools sort -i results/signals/ER100012/Signal.UniqueMultiple.str1.out.bg
2025-11-10 17:51:59,049 | INFO | __main__: Sorting bedgraph: bedtools sort -i results/signals/ER100012/Signal.UniqueMultiple.str1.out.bg
2025-11-10 17:52:45,489 | INFO | __main__: Building bigWig: bigtools bedgraphtobigwig --nthreads 44 results/signals/ER100012/Signal.UniqueMultiple.str1.out.sorted.bg results/index/chrNameLength.txt results/signals/ER100012/ER100012_genome_minusAll.bw
2025-11-10 17:52:45,489 | INFO | __main__: Building bigWig: bigtools bedgraphtobigwig --nthreads 44 results/signals/ER100012/Signal.UniqueMultiple.str1.out.sorted.bg results/index/chrNameLength.txt results/signals/ER100012/ER100012_genome_minusAll.bw
2025-11-10 17:52:59,658 | INFO | __main__: Sorting bedgraph: bedtools sort -i results/signals/ER100012/Signal.Unique.str1.out.bg
2025-11-10 17:52:59,658 | INFO | __main__: Sorting bedgraph: bedtools sort -i results/signals/ER100012/Signal.Unique.str1.out.bg
2025-11-10 17:53:46,113 | INFO | __main__: Building bigWig: bigtools bedgraphtobigwig --nthreads 44 results/signals/ER100012/Signal.Unique.str1.out.sorted.bg results/index/chrNameLength.txt results/signals/ER100012/ER100012_genome_minusUniq.bw
2025-11-10 17:53:46,113 | INFO | __main__: Building bigWig: bigtools bedgraphtobigwig --nthreads 44 results/signals/ER100012/Signal.Unique.str1.out.sorted.bg results/index/chrNameLength.txt results/signals/ER100012/ER100012_genome_minusUniq.bw
2025-11-10 17:54:00,288 | INFO | __main__: Sorting bedgraph: bedtools sort -i results/signals/ER100012/Signal.UniqueMultiple.str2.out.bg
2025-11-10 17:54:00,288 | INFO | __main__: Sorting bedgraph: bedtools sort -i results/signals/ER100012/Signal.UniqueMultiple.str2.out.bg
2025-11-10 17:54:49,694 | INFO | __main__: Building bigWig: bigtools bedgraphtobigwig --nthreads 44 results/signals/ER100012/Signal.UniqueMultiple.str2.out.sorted.bg results/index/chrNameLength.txt results/signals/ER100012/ER100012_genome_plusAll.bw
2025-11-10 17:54:49,694 | INFO | __main__: Building bigWig: bigtools bedgraphtobigwig --nthreads 44 results/signals/ER100012/Signal.UniqueMultiple.str2.out.sorted.bg results/index/chrNameLength.txt results/signals/ER100012/ER100012_genome_plusAll.bw
2025-11-10 17:55:04,973 | INFO | __main__: Sorting bedgraph: bedtools sort -i results/signals/ER100012/Signal.Unique.str2.out.bg
2025-11-10 17:55:04,973 | INFO | __main__: Sorting bedgraph: bedtools sort -i results/signals/ER100012/Signal.Unique.str2.out.bg
2025-11-10 17:55:51,696 | INFO | __main__: Building bigWig: bigtools bedgraphtobigwig --nthreads 44 results/signals/ER100012/Signal.Unique.str2.out.sorted.bg results/index/chrNameLength.txt results/signals/ER100012/ER100012_genome_plusUniq.bw
2025-11-10 17:55:51,696 | INFO | __main__: Building bigWig: bigtools bedgraphtobigwig --nthreads 44 results/signals/ER100012/Signal.Unique.str2.out.sorted.bg results/index/chrNameLength.txt results/signals/ER100012/ER100012_genome_plusUniq.bw
Mon Nov 10 05:56:06 PM EST 2025: Finished bam to singal conversion
