Mon Nov 10 01:16:18 PM EST 2025: Running bam to singal conversion
[bam_sort_core] merging from 0 files and 44 in-memory blocks...
Namespace(logfile='logs/signals/ER100003.log', output_dir='results/signals/ER100003', threads=44, bamfile='results/signals/ER100003/temp_sorted.bam', chrom_sizes='results/index/chrNameLength.txt', is_stranded=True, bamroot='ER100003_genome')
2025-11-10 13:17:53,923 | INFO | __main__: Running STAR command STAR --runMode inputAlignmentsFromBAM                 --inputBAMfile results/signals/ER100003/temp_sorted.bam                 --outWigType bedGraph                 --outWigStrand Stranded                 --outWigReferencesPrefix chr
                --outFileNamePrefix results/signals/ER100003/
2025-11-10 13:17:53,923 | INFO | __main__: Running STAR command STAR --runMode inputAlignmentsFromBAM                 --inputBAMfile results/signals/ER100003/temp_sorted.bam                 --outWigType bedGraph                 --outWigStrand Stranded                 --outWigReferencesPrefix chr
                --outFileNamePrefix results/signals/ER100003/
Nov 10 13:17:53 ..... reading from BAM, output wiggle
Nov 10 13:22:19 ..... done
2025-11-10 13:22:19,695 | INFO | __main__: Sorting bedgraph: bedtools sort -i results/signals/ER100003/Signal.UniqueMultiple.str1.out.bg
2025-11-10 13:22:19,695 | INFO | __main__: Sorting bedgraph: bedtools sort -i results/signals/ER100003/Signal.UniqueMultiple.str1.out.bg
2025-11-10 13:23:11,130 | INFO | __main__: Building bigWig: bigtools bedgraphtobigwig --nthreads 44 results/signals/ER100003/Signal.UniqueMultiple.str1.out.sorted.bg results/index/chrNameLength.txt results/signals/ER100003/ER100003_genome_minusAll.bw
2025-11-10 13:23:11,130 | INFO | __main__: Building bigWig: bigtools bedgraphtobigwig --nthreads 44 results/signals/ER100003/Signal.UniqueMultiple.str1.out.sorted.bg results/index/chrNameLength.txt results/signals/ER100003/ER100003_genome_minusAll.bw
2025-11-10 13:23:26,837 | INFO | __main__: Sorting bedgraph: bedtools sort -i results/signals/ER100003/Signal.Unique.str1.out.bg
2025-11-10 13:23:26,837 | INFO | __main__: Sorting bedgraph: bedtools sort -i results/signals/ER100003/Signal.Unique.str1.out.bg
2025-11-10 13:24:16,062 | INFO | __main__: Building bigWig: bigtools bedgraphtobigwig --nthreads 44 results/signals/ER100003/Signal.Unique.str1.out.sorted.bg results/index/chrNameLength.txt results/signals/ER100003/ER100003_genome_minusUniq.bw
2025-11-10 13:24:16,062 | INFO | __main__: Building bigWig: bigtools bedgraphtobigwig --nthreads 44 results/signals/ER100003/Signal.Unique.str1.out.sorted.bg results/index/chrNameLength.txt results/signals/ER100003/ER100003_genome_minusUniq.bw
2025-11-10 13:24:29,666 | INFO | __main__: Sorting bedgraph: bedtools sort -i results/signals/ER100003/Signal.UniqueMultiple.str2.out.bg
2025-11-10 13:24:29,666 | INFO | __main__: Sorting bedgraph: bedtools sort -i results/signals/ER100003/Signal.UniqueMultiple.str2.out.bg
2025-11-10 13:25:23,771 | INFO | __main__: Building bigWig: bigtools bedgraphtobigwig --nthreads 44 results/signals/ER100003/Signal.UniqueMultiple.str2.out.sorted.bg results/index/chrNameLength.txt results/signals/ER100003/ER100003_genome_plusAll.bw
2025-11-10 13:25:23,771 | INFO | __main__: Building bigWig: bigtools bedgraphtobigwig --nthreads 44 results/signals/ER100003/Signal.UniqueMultiple.str2.out.sorted.bg results/index/chrNameLength.txt results/signals/ER100003/ER100003_genome_plusAll.bw
2025-11-10 13:25:40,192 | INFO | __main__: Sorting bedgraph: bedtools sort -i results/signals/ER100003/Signal.Unique.str2.out.bg
2025-11-10 13:25:40,192 | INFO | __main__: Sorting bedgraph: bedtools sort -i results/signals/ER100003/Signal.Unique.str2.out.bg
2025-11-10 13:26:36,700 | INFO | __main__: Building bigWig: bigtools bedgraphtobigwig --nthreads 44 results/signals/ER100003/Signal.Unique.str2.out.sorted.bg results/index/chrNameLength.txt results/signals/ER100003/ER100003_genome_plusUniq.bw
2025-11-10 13:26:36,700 | INFO | __main__: Building bigWig: bigtools bedgraphtobigwig --nthreads 44 results/signals/ER100003/Signal.Unique.str2.out.sorted.bg results/index/chrNameLength.txt results/signals/ER100003/ER100003_genome_plusUniq.bw
Mon Nov 10 01:26:52 PM EST 2025: Finished bam to singal conversion
