Mon Nov 10 04:49:12 PM EST 2025: Running bam to singal conversion
[bam_sort_core] merging from 0 files and 44 in-memory blocks...
Namespace(logfile='logs/signals/ER100009.log', output_dir='results/signals/ER100009', threads=44, bamfile='results/signals/ER100009/temp_sorted.bam', chrom_sizes='results/index/chrNameLength.txt', is_stranded=True, bamroot='ER100009_genome')
2025-11-10 16:50:43,785 | INFO | __main__: Running STAR command STAR --runMode inputAlignmentsFromBAM                 --inputBAMfile results/signals/ER100009/temp_sorted.bam                 --outWigType bedGraph                 --outWigStrand Stranded                 --outWigReferencesPrefix chr
                --outFileNamePrefix results/signals/ER100009/
2025-11-10 16:50:43,785 | INFO | __main__: Running STAR command STAR --runMode inputAlignmentsFromBAM                 --inputBAMfile results/signals/ER100009/temp_sorted.bam                 --outWigType bedGraph                 --outWigStrand Stranded                 --outWigReferencesPrefix chr
                --outFileNamePrefix results/signals/ER100009/
Nov 10 16:50:43 ..... reading from BAM, output wiggle
Nov 10 16:55:12 ..... done
2025-11-10 16:55:12,601 | INFO | __main__: Sorting bedgraph: bedtools sort -i results/signals/ER100009/Signal.UniqueMultiple.str1.out.bg
2025-11-10 16:55:12,601 | INFO | __main__: Sorting bedgraph: bedtools sort -i results/signals/ER100009/Signal.UniqueMultiple.str1.out.bg
2025-11-10 16:56:05,856 | INFO | __main__: Building bigWig: bigtools bedgraphtobigwig --nthreads 44 results/signals/ER100009/Signal.UniqueMultiple.str1.out.sorted.bg results/index/chrNameLength.txt results/signals/ER100009/ER100009_genome_minusAll.bw
2025-11-10 16:56:05,856 | INFO | __main__: Building bigWig: bigtools bedgraphtobigwig --nthreads 44 results/signals/ER100009/Signal.UniqueMultiple.str1.out.sorted.bg results/index/chrNameLength.txt results/signals/ER100009/ER100009_genome_minusAll.bw
2025-11-10 16:56:22,096 | INFO | __main__: Sorting bedgraph: bedtools sort -i results/signals/ER100009/Signal.Unique.str1.out.bg
2025-11-10 16:56:22,096 | INFO | __main__: Sorting bedgraph: bedtools sort -i results/signals/ER100009/Signal.Unique.str1.out.bg
2025-11-10 16:57:14,084 | INFO | __main__: Building bigWig: bigtools bedgraphtobigwig --nthreads 44 results/signals/ER100009/Signal.Unique.str1.out.sorted.bg results/index/chrNameLength.txt results/signals/ER100009/ER100009_genome_minusUniq.bw
2025-11-10 16:57:14,084 | INFO | __main__: Building bigWig: bigtools bedgraphtobigwig --nthreads 44 results/signals/ER100009/Signal.Unique.str1.out.sorted.bg results/index/chrNameLength.txt results/signals/ER100009/ER100009_genome_minusUniq.bw
2025-11-10 16:57:28,648 | INFO | __main__: Sorting bedgraph: bedtools sort -i results/signals/ER100009/Signal.UniqueMultiple.str2.out.bg
2025-11-10 16:57:28,648 | INFO | __main__: Sorting bedgraph: bedtools sort -i results/signals/ER100009/Signal.UniqueMultiple.str2.out.bg
2025-11-10 16:58:27,194 | INFO | __main__: Building bigWig: bigtools bedgraphtobigwig --nthreads 44 results/signals/ER100009/Signal.UniqueMultiple.str2.out.sorted.bg results/index/chrNameLength.txt results/signals/ER100009/ER100009_genome_plusAll.bw
2025-11-10 16:58:27,194 | INFO | __main__: Building bigWig: bigtools bedgraphtobigwig --nthreads 44 results/signals/ER100009/Signal.UniqueMultiple.str2.out.sorted.bg results/index/chrNameLength.txt results/signals/ER100009/ER100009_genome_plusAll.bw
2025-11-10 16:58:44,962 | INFO | __main__: Sorting bedgraph: bedtools sort -i results/signals/ER100009/Signal.Unique.str2.out.bg
2025-11-10 16:58:44,962 | INFO | __main__: Sorting bedgraph: bedtools sort -i results/signals/ER100009/Signal.Unique.str2.out.bg
2025-11-10 16:59:39,656 | INFO | __main__: Building bigWig: bigtools bedgraphtobigwig --nthreads 44 results/signals/ER100009/Signal.Unique.str2.out.sorted.bg results/index/chrNameLength.txt results/signals/ER100009/ER100009_genome_plusUniq.bw
2025-11-10 16:59:39,656 | INFO | __main__: Building bigWig: bigtools bedgraphtobigwig --nthreads 44 results/signals/ER100009/Signal.Unique.str2.out.sorted.bg results/index/chrNameLength.txt results/signals/ER100009/ER100009_genome_plusUniq.bw
Mon Nov 10 04:59:55 PM EST 2025: Finished bam to singal conversion
