Mon Nov 10 11:58:16 AM EST 2025: Running bam to singal conversion
[bam_sort_core] merging from 0 files and 44 in-memory blocks...
Namespace(logfile='logs/signals/ER100006.log', output_dir='results/signals/ER100006', threads=44, bamfile='results/signals/ER100006/temp_sorted.bam', chrom_sizes='results/index/chrNameLength.txt', is_stranded=True, bamroot='ER100006_genome')
2025-11-10 12:00:01,249 | INFO | __main__: Running STAR command STAR --runMode inputAlignmentsFromBAM                 --inputBAMfile results/signals/ER100006/temp_sorted.bam                 --outWigType bedGraph                 --outWigStrand Stranded                 --outWigReferencesPrefix chr
                --outFileNamePrefix results/signals/ER100006/
2025-11-10 12:00:01,249 | INFO | __main__: Running STAR command STAR --runMode inputAlignmentsFromBAM                 --inputBAMfile results/signals/ER100006/temp_sorted.bam                 --outWigType bedGraph                 --outWigStrand Stranded                 --outWigReferencesPrefix chr
                --outFileNamePrefix results/signals/ER100006/
Nov 10 12:00:01 ..... reading from BAM, output wiggle
Nov 10 12:04:52 ..... done
2025-11-10 12:04:52,032 | INFO | __main__: Sorting bedgraph: bedtools sort -i results/signals/ER100006/Signal.UniqueMultiple.str1.out.bg
2025-11-10 12:04:52,032 | INFO | __main__: Sorting bedgraph: bedtools sort -i results/signals/ER100006/Signal.UniqueMultiple.str1.out.bg
2025-11-10 12:05:48,987 | INFO | __main__: Building bigWig: bigtools bedgraphtobigwig --nthreads 44 results/signals/ER100006/Signal.UniqueMultiple.str1.out.sorted.bg results/index/chrNameLength.txt results/signals/ER100006/ER100006_genome_minusAll.bw
2025-11-10 12:05:48,987 | INFO | __main__: Building bigWig: bigtools bedgraphtobigwig --nthreads 44 results/signals/ER100006/Signal.UniqueMultiple.str1.out.sorted.bg results/index/chrNameLength.txt results/signals/ER100006/ER100006_genome_minusAll.bw
2025-11-10 12:06:06,448 | INFO | __main__: Sorting bedgraph: bedtools sort -i results/signals/ER100006/Signal.Unique.str1.out.bg
2025-11-10 12:06:06,448 | INFO | __main__: Sorting bedgraph: bedtools sort -i results/signals/ER100006/Signal.Unique.str1.out.bg
2025-11-10 12:06:59,300 | INFO | __main__: Building bigWig: bigtools bedgraphtobigwig --nthreads 44 results/signals/ER100006/Signal.Unique.str1.out.sorted.bg results/index/chrNameLength.txt results/signals/ER100006/ER100006_genome_minusUniq.bw
2025-11-10 12:06:59,300 | INFO | __main__: Building bigWig: bigtools bedgraphtobigwig --nthreads 44 results/signals/ER100006/Signal.Unique.str1.out.sorted.bg results/index/chrNameLength.txt results/signals/ER100006/ER100006_genome_minusUniq.bw
2025-11-10 12:07:15,990 | INFO | __main__: Sorting bedgraph: bedtools sort -i results/signals/ER100006/Signal.UniqueMultiple.str2.out.bg
2025-11-10 12:07:15,990 | INFO | __main__: Sorting bedgraph: bedtools sort -i results/signals/ER100006/Signal.UniqueMultiple.str2.out.bg
2025-11-10 12:08:15,679 | INFO | __main__: Building bigWig: bigtools bedgraphtobigwig --nthreads 44 results/signals/ER100006/Signal.UniqueMultiple.str2.out.sorted.bg results/index/chrNameLength.txt results/signals/ER100006/ER100006_genome_plusAll.bw
2025-11-10 12:08:15,679 | INFO | __main__: Building bigWig: bigtools bedgraphtobigwig --nthreads 44 results/signals/ER100006/Signal.UniqueMultiple.str2.out.sorted.bg results/index/chrNameLength.txt results/signals/ER100006/ER100006_genome_plusAll.bw
2025-11-10 12:08:34,184 | INFO | __main__: Sorting bedgraph: bedtools sort -i results/signals/ER100006/Signal.Unique.str2.out.bg
2025-11-10 12:08:34,184 | INFO | __main__: Sorting bedgraph: bedtools sort -i results/signals/ER100006/Signal.Unique.str2.out.bg
2025-11-10 12:09:29,382 | INFO | __main__: Building bigWig: bigtools bedgraphtobigwig --nthreads 44 results/signals/ER100006/Signal.Unique.str2.out.sorted.bg results/index/chrNameLength.txt results/signals/ER100006/ER100006_genome_plusUniq.bw
2025-11-10 12:09:29,382 | INFO | __main__: Building bigWig: bigtools bedgraphtobigwig --nthreads 44 results/signals/ER100006/Signal.Unique.str2.out.sorted.bg results/index/chrNameLength.txt results/signals/ER100006/ER100006_genome_plusUniq.bw
Mon Nov 10 12:09:46 PM EST 2025: Finished bam to singal conversion
